2026-03-11 21:14:52  INFO      inventrax.main                  ────────────────────────────────────────────────────────────
2026-03-11 21:14:52  INFO      inventrax.main                  InventraX 1.0.0  starting up
2026-03-11 21:14:52  INFO      inventrax.main                  Python 3.13.12  |  win32
2026-03-11 21:14:52  INFO      inventrax.main                  Directories verified
2026-03-11 21:14:53  INFO      core.inventory                  Database initialised at c:\Users\ihc33\OneDrive\Desktop\New Software\InventraX\data\inventrax.db
2026-03-11 21:14:53  INFO      core.asset_manager              Migration: added assets.item_id
2026-03-11 21:14:53  INFO      core.asset_manager              Migration: added assets.department
2026-03-11 21:14:53  INFO      core.asset_manager              Migration: added assets.assigned_date
2026-03-11 21:14:53  INFO      core.asset_manager              Migration: added assets.return_date
2026-03-11 21:14:53  INFO      core.asset_manager              Asset tables initialised at c:\Users\ihc33\OneDrive\Desktop\New Software\InventraX\data\inventrax.db
2026-03-11 21:14:53  INFO      inventrax.main                  Database initialised
2026-03-11 21:14:53  INFO      core.prefs                      prefs: no saved preferences found — using defaults
2026-03-11 21:14:53  INFO      core.prefs                      prefs: applied (theme=Teal Dark, font=10pt, low_stock=5)
2026-03-11 21:14:53  INFO      inventrax.main                  User preferences loaded (theme: Teal Dark)
2026-03-11 21:14:53  INFO      ui.main_window                  Loaded 0 inventory items and 0 assets from DB
2026-03-11 21:21:03  INFO      inventrax.main                  ────────────────────────────────────────────────────────────
2026-03-11 21:21:03  INFO      inventrax.main                  InventraX 2.0.0  starting up
2026-03-11 21:21:03  INFO      inventrax.main                  Python 3.13.12  |  win32
2026-03-11 21:21:03  INFO      inventrax.main                  Directories verified
2026-03-11 21:21:04  INFO      core.inventory                  Database initialised at c:\Users\ihc33\OneDrive\Desktop\New Software\InventraX\data\inventrax.db
2026-03-11 21:21:04  INFO      core.asset_manager              Asset tables initialised at c:\Users\ihc33\OneDrive\Desktop\New Software\InventraX\data\inventrax.db
2026-03-11 21:21:04  INFO      inventrax.main                  Database initialised
2026-03-11 21:21:04  INFO      core.prefs                      prefs: no saved preferences found — using defaults
2026-03-11 21:21:04  INFO      core.prefs                      prefs: applied (theme=Teal Dark, font=10pt, low_stock=5)
2026-03-11 21:21:04  INFO      inventrax.main                  User preferences loaded (theme: Teal Dark)
2026-03-11 21:21:04  INFO      ui.main_window                  Loaded 0 inventory items and 0 assets from DB
2026-03-11 21:25:25  INFO      inventrax.main                  ────────────────────────────────────────────────────────────
2026-03-11 21:25:25  INFO      inventrax.main                  InventraX 2.0.0  starting up
2026-03-11 21:25:25  INFO      inventrax.main                  Python 3.13.12  |  win32
2026-03-11 21:25:25  INFO      inventrax.main                  startup: creating directories
2026-03-11 21:25:25  INFO      inventrax.main                  Directories verified
2026-03-11 21:25:25  INFO      inventrax.main                  startup: initialising database
2026-03-11 21:25:25  INFO      core.inventory                  Database initialised at c:\Users\ihc33\OneDrive\Desktop\New Software\InventraX\data\inventrax.db
2026-03-11 21:25:25  INFO      core.asset_manager              Asset tables initialised at c:\Users\ihc33\OneDrive\Desktop\New Software\InventraX\data\inventrax.db
2026-03-11 21:25:25  INFO      inventrax.main                  Database initialised
2026-03-11 21:25:25  INFO      inventrax.main                  startup: loading preferences
2026-03-11 21:25:25  INFO      core.prefs                      prefs: no saved preferences found — using defaults
2026-03-11 21:25:26  INFO      core.prefs                      prefs: applied (theme=Teal Dark, font=10pt, low_stock=5)
2026-03-11 21:25:26  INFO      inventrax.main                  User preferences loaded (theme: Teal Dark)
2026-03-11 21:25:26  INFO      inventrax.main                  startup: building main window
2026-03-11 21:25:26  INFO      ui.main_window                  Loaded 0 inventory items and 0 assets from DB
2026-03-11 21:25:43  INFO      inventrax.main                  ────────────────────────────────────────────────────────────
2026-03-11 21:25:43  INFO      inventrax.main                  InventraX 2.0.0  starting up
2026-03-11 21:25:43  INFO      inventrax.main                  Python 3.13.12  |  win32
2026-03-11 21:25:43  INFO      inventrax.main                  startup: creating directories
2026-03-11 21:25:43  INFO      inventrax.main                  Directories verified
2026-03-11 21:25:43  INFO      inventrax.main                  startup: initialising database
2026-03-11 21:25:43  INFO      core.inventory                  Database initialised at c:\Users\ihc33\OneDrive\Desktop\New Software\InventraX\data\inventrax.db
2026-03-11 21:25:43  INFO      core.asset_manager              Asset tables initialised at c:\Users\ihc33\OneDrive\Desktop\New Software\InventraX\data\inventrax.db
2026-03-11 21:25:43  INFO      inventrax.main                  Database initialised
2026-03-11 21:25:43  INFO      inventrax.main                  startup: loading preferences
2026-03-11 21:25:43  INFO      core.prefs                      prefs: no saved preferences found — using defaults
2026-03-11 21:25:44  INFO      core.prefs                      prefs: applied (theme=Teal Dark, font=10pt, low_stock=5)
2026-03-11 21:25:44  INFO      inventrax.main                  User preferences loaded (theme: Teal Dark)
2026-03-11 21:25:44  INFO      inventrax.main                  startup: building main window
2026-03-11 21:25:44  INFO      ui.main_window                  Loaded 0 inventory items and 0 assets from DB
2026-03-11 21:29:02  INFO      inventrax.main                  ────────────────────────────────────────────────────────────
2026-03-11 21:29:02  INFO      inventrax.main                  InventraX 2.0.0  starting up
2026-03-11 21:29:02  INFO      inventrax.main                  Python 3.13.12  |  win32
2026-03-11 21:29:02  INFO      inventrax.main                  startup: creating directories
2026-03-11 21:29:02  INFO      inventrax.main                  Directories verified
2026-03-11 21:29:02  INFO      inventrax.main                  startup: initialising database
2026-03-11 21:29:03  INFO      core.inventory                  Database initialised at c:\Users\ihc33\OneDrive\Desktop\New Software\InventraX\data\inventrax.db
2026-03-11 21:29:03  INFO      core.asset_manager              Asset tables initialised at c:\Users\ihc33\OneDrive\Desktop\New Software\InventraX\data\inventrax.db
2026-03-11 21:29:03  INFO      inventrax.main                  Database initialised
2026-03-11 21:29:03  INFO      inventrax.main                  startup: loading preferences
2026-03-11 21:29:03  INFO      core.prefs                      prefs: no saved preferences found — using defaults
2026-03-11 21:29:03  INFO      core.prefs                      prefs: applied (theme=Teal Dark, font=10pt, low_stock=5)
2026-03-11 21:29:03  INFO      inventrax.main                  User preferences loaded (theme: Teal Dark)
2026-03-11 21:29:03  INFO      inventrax.main                  startup: building main window
2026-03-11 21:29:09  INFO      ui.main_window                  Loaded 0 inventory items and 0 assets from DB
2026-03-11 21:29:10  INFO      inventrax.main                  startup: complete — main window displayed
2026-03-11 21:29:38  INFO      core.inventory                  save_inventory_from_memory: 0 items written
2026-03-11 21:29:38  INFO      core.asset_manager              save_assets_from_memory: 0 records written
2026-03-11 21:29:38  INFO      ui.main_window                  Saved 0 inventory items and 0 assets to DB
2026-03-11 21:29:38  INFO      core.prefs                      prefs: saved to c:\Users\ihc33\OneDrive\Desktop\New Software\InventraX\config\user_prefs.json
2026-03-11 21:29:38  INFO      core.prefs                      prefs: saved to c:\Users\ihc33\OneDrive\Desktop\New Software\InventraX\config\user_prefs.json
2026-03-11 21:29:39  INFO      inventrax.main                  Preferences saved on exit
2026-03-11 21:29:39  INFO      core.backup                     backup: created inventrax_20260311_212939.db (44.0 KB)
2026-03-11 21:29:39  INFO      inventrax.main                  Auto-backup written: c:\Users\ihc33\OneDrive\Desktop\New Software\InventraX\backups\inventrax_20260311_212939.db
2026-03-11 21:29:39  INFO      inventrax.main                  InventraX shut down cleanly
2026-03-11 21:29:39  INFO      inventrax.main                  ────────────────────────────────────────────────────────────
